<html>
<body>
<pre>
<h1>µVision Build Log</h1>
<h2>Tool Versions:</h2>
IDE-Version: £gVision V5.15
Copyright (C) 2015 ARM Ltd and ARM Germany GmbH. All rights reserved.
License Information: License ARM, The Chinese University of Hong Kong, LIC=XA317-EF32T-37XR7-C8PV1-GT95C-MZ3J1
 
Tool Versions:
Toolchain:       MDK-ARM Standard Cortex-M only  Version: 5.15.0
Toolchain Path:  C:\Keil_v5\ARM\ARMCC\Bin
C Compiler:      Armcc.exe V5.05 update 2 (build 169)
Assembler:       Armasm.exe V5.05 update 2 (build 169)
Linker/Locator:  ArmLink.exe V5.05 update 2 (build 169)
Library Manager: ArmAr.exe V5.05 update 2 (build 169)
Hex Converter:   FromElf.exe V5.05 update 2 (build 169)
CPU DLL:         SARMCM3.DLL V5.15.0
Dialog DLL:      DCM.DLL V1.13.2.0
Target DLL:      UL2CM3.DLL V1.155.8.0
Dialog DLL:      TCM.DLL V1.14.5.0
 
<h2>Project:</h2>
U:\ierg3810\mini project\IERG3810Miniproject- 2017 0412\mini-project.uvprojx
Project File Date:  04/12/2017

<h2>Output:</h2>
*** Using Compiler 'V5.05 update 2 (build 169)', folder: 'C:\Keil_v5\ARM\ARMCC\Bin'
Build target 'mini-project'
compiling main.c...
linking...
Program Size: Code=7876 RO-data=2124 RW-data=40 ZI-data=45408  
FromELF: creating hex file...
".\Objects\_mini-project.axf" - 0 Error(s), 0 Warning(s).

<h2>Collection of Component include folders:</h2>
  U:\ierg3810\mini project\IERG3810Miniproject- 2017 0412\RTE
  C:\Keil_v5\ARM\PACK\ARM\CMSIS\4.3.0\Device\ARM\ARMCM3\Include

<h2>Collection of Component Files used:</h2>
</pre>
</body>
</html>
