<html>
<body>
<pre>
<h1>µVision Build Log</h1>
<h2>Project:</h2>
C:\Users\Test\Desktop\IERG3810 Mini project - Flappy Bird\IERG3810Miniproject\mini-project.uvprojx
Project File Date:  03/28/2017

<h2>Output:</h2>
Build target 'mini-project'
compiling main.c...
linking...
Program Size: Code=2988 RO-data=540 RW-data=4 ZI-data=1860  
FromELF: creating hex file...
".\Objects\_mini-project.axf" - 0 Error(s), 0 Warning(s).
</pre>
</body>
</html>
gram Size: Code=2988 RO-data=540 RW-data=4 ZI-data=1860  
FromELF: creating hex file...
".\Objects\_mini-project.axf" - 0 Error(s), 1 Warning(s).
), 1 Warning(s).
Target not created

User\main.c: 0 warnings, 3 errors
".\Objects\_mini-project.axf" - 3 Error(s), 0 Warning(s).
Target not created
ompiling stm32f10x_rtc.c...
compiling stm32f10x_sdio.c...
compiling stm32f10x_spi.c...
compiling stm32f10x_tim.c...
compiling stm32f10x_usart.c...
compiling stm32f10x_wwdg.c...
compiling core_cm3.c...
compiling system_stm32f10x.c...
assembling startup_stm32f10x_hd.s...
compiling IERG3810_Buzzer.c...
compiling IERG3810_Clock.c...
compiling IERG3810_KEY.c...
compiling IERG3810_LED.c...
compiling IERG3810_USART.c...
compiling IERG3810_LCD.c...
compiling main.c...
compiling stm32f10x_it.c...
linking...
Program Size: Code=2744 RO-data=540 RW-data=4 ZI-data=1636  
FromELF: creating hex file...
".\Objects\_mini-project.axf" - 0 Error(s), 0 Warning(s).
